// Jest Snapshot v1, https://goo.gl/fbAQLP

exports[`Render GeoMap GeoMap renders correctly 1`] = `
<section
  className="class1 map"
/>
`;
