// Jest Snapshot v1, https://goo.gl/fbAQLP

exports[`Render App App for root path renders correctly 1`] = `<MainScreen />`;
